// Jest Snapshot v1, https://goo.gl/fbAQLP

exports[`MovieDetailsPage. renders correctly 1`] = `
<div>
  <Memo(Connect(withRouter(Header))) />
  <Memo(Connect(MovieDetails)) />
  <Memo(Connect(withRouter(MoviesSection))) />
  <Footer />
</div>
`;
