// Jest Snapshot v1, https://goo.gl/fbAQLP

exports[`MovieDetailsDescription renders correctly 1`] = `
<p
  className="movieDetailsDescription"
>
  some description
</p>
`;
