// Jest Snapshot v1, https://goo.gl/fbAQLP

exports[`App renders correctly 1`] = `
<div
  className="app"
>
  <Header />
  <MovieDetails
    data={
      Object {
        "description": "There are growing dangers in the wizarding world of 1926 New York.  
                Something mysterious is leaving a path of destruction in the streets, 
                threatening to expose the wizarding",
        "duration": "1h 46m",
        "genres": "Adventure, Drama, Family, Fantasy",
        "rating": "4.8",
        "title": "The Jungle Book",
      }
    }
  />
</div>
`;
