// Jest Snapshot v1, https://goo.gl/fbAQLP

exports[`ButtonView renders correctly 1`] = `
<button
  className="button blue"
  onClick={[Function]}
  type="button"
>
  child
</button>
`;
