// Jest Snapshot v1, https://goo.gl/fbAQLP

exports[`ButtonView renders correctly 1`] = `
<button
  className="buttonView"
  type="button"
>
  View Info
</button>
`;
