// Jest Snapshot v1, https://goo.gl/fbAQLP

exports[`MovieDescription renders correctly 1`] = `
<p
  className="description"
>
  description
</p>
`;
