// Jest Snapshot v1, https://goo.gl/fbAQLP

exports[`MovieDetailsButtons renders correctly 1`] = `
<div
  className="movieDetailsButtons"
>
  <ButtonWatch />
  <ButtonView />
</div>
`;
