// Jest Snapshot v1, https://goo.gl/fbAQLP

exports[`MainPage renders correctly 1`] = `
<div>
  <Memo(Connect(withRouter(Header))) />
  <Memo(Connect(withRouter(MoviesSection))) />
  <Footer />
</div>
`;
