// Jest Snapshot v1, https://goo.gl/fbAQLP

exports[`MovieDetails renders correctly 1`] = `
<section
  className="container"
>
  <div
    className="info"
  >
    <MovieInfo
      info={Object {}}
    />
    <MovieRating
      rating={5}
    />
  </div>
  <MovieAction
    description="description"
  />
</section>
`;
