// Jest Snapshot v1, https://goo.gl/fbAQLP

exports[`Logo renders correctly 1`] = `
<h1
  className="logo"
>
  films
</h1>
`;
