// Jest Snapshot v1, https://goo.gl/fbAQLP

exports[`App renders correctly 1`] = `
<BrowserRouter>
  <div
    className="app"
  >
    <Switch>
      <Route
        path="/details/:id"
      >
        <MainPage />
      </Route>
      <Route
        path="/search/:query"
      >
        <MainPage />
      </Route>
      <Route
        path="/genre/:genreId"
      >
        <MainPage />
      </Route>
      <Route
        path="/:filter"
      >
        <MainPage />
      </Route>
      <Route
        path="/"
      >
        <MainPage />
      </Route>
    </Switch>
  </div>
</BrowserRouter>
`;
